<html>
<body>
<pre>
<h1>µVision Build Log</h1>
<h2>Tool Versions:</h2>
IDE-Version: ¦ÌVision V5.24.2.0
Copyright (C) 2017 ARM Ltd and ARM Germany GmbH. All rights reserved.
License Information: ch yan, jian24, LIC=50DTG-V07P9-TJQ6H-WJAP5-MQ36Y-KY0VX
 
Tool Versions:
Toolchain:       MDK-ARM Professional  Version: 5.24.1
Toolchain Path:  C:\Keil_v5\ARM\ARMCC\Bin
C Compiler:      Armcc.exe V5.06 update 5 (build 528)
Assembler:       Armasm.exe V5.06 update 5 (build 528)
Linker/Locator:  ArmLink.exe V5.06 update 5 (build 528)
Library Manager: ArmAr.exe V5.06 update 5 (build 528)
Hex Converter:   FromElf.exe V5.06 update 5 (build 528)
CPU DLL:         SARMCM3.DLL V5.24.1
Dialog DLL:      DARMCM1.DLL V1.18.0.0
Target DLL:      Segger\JL2CM3.dll V2.99.26.0
Dialog DLL:      TARMCM1.DLL V1.13.0.0
 
<h2>Project:</h2>
D:\armworkspace\W7500P-master\W7500P_FW\Projects\Peripheral_Examples\WeightSensor\coreboard demo v0.2\MDK\coreboard demo v0.2.uvproj
Project File Date:  11/24/2017

<h2>Output:</h2>
*** Using Compiler 'V5.06 update 5 (build 528)', folder: 'C:\Keil_v5\ARM\ARMCC\Bin'
Rebuild target 'Target 1'
assembling startup_W7500x.s...
compiling W7500x_crg.c...
compiling W7500x_gpio.c...
compiling W7500x_uart.c...
compiling W7500x_wztoe.c...
compiling system_W7500x.c...
compiling retarget.c...
compiling W7500x_it.c...
compiling main.c...
compiling socket.c...
compiling wizchip_conf.c...
compiling W7500x_miim.c...
compiling dhcp.c...
..\..\..\..\..\ioLibrary\Internet\DHCP\dhcp.c(306): warning:  #550-D: variable "bk_mac"  was set but never used
     uint8_t  bk_mac[6];
..\..\..\..\..\ioLibrary\Internet\DHCP\dhcp.c(368): warning:  #550-D: variable "ret"  was set but never used
    uint32_t ret = 0;
..\..\..\..\..\ioLibrary\Internet\DHCP\dhcp.c: 2 warnings, 0 errors
compiling jiansensors.c...
compiling hx711.c...
linking...
Program Size: Code=14572 RO-data=304 RW-data=380 ZI-data=4516  
After Build - User command #1: C:\Keil_v5\\ARM\ARMCC\BIN\fromelf.exe D:\armworkspace\W7500P-master\W7500P_FW\Projects\Peripheral_Examples\WeightSensor\coreboard demo v0.2\MDK\Obj\W7500x_WZTOE_DHCPClient.axf --vhx --8x1 --output main.hex;fromelf --bin -o "D:\armworkspace\W7500P-master\W7500P_FW\Projects\Peripheral_Examples\WeightSensor\coreboard demo v0.2\MDK\Obj\W7500x_WZTOE_DHCPClient.bin" "D:\armworkspace\W7500P-master\W7500P_FW\Projects\Peripheral_Examples\WeightSensor\coreboard demo v0.2\MDK\Obj\W7500x_WZTOE_DHCPClient.axf"
Error: Q0466E: An output file can only be specified if there is a single input file
Finished: 0 information, 0 warning and 1 error messages.
".\Obj\W7500x_WZTOE_DHCPClient.axf" - 0 Error(s), 2 Warning(s).
Build Time Elapsed:  00:00:02
</pre>
</body>
</html>
